=== Fourth Batch Core Systems Test ===
Testing VelocityPitchRangeManager...
✓ VelocityPitchRangeManager test passed
Testing SampleLayeringSystem...
✓ SampleLayeringSystem test passed
Testing TapeSquashLimiter...
